\begin{table}
\begin{tabular}{llllll}
1&text1&text2&text3&text4&text5\\
123.5&34.5&-54.5&-143.5&-232.5&-321.5\\
1.23&1.23&1.23&1.23&1.23&1.23\\
-121.04&\$&\%&\#&\&&\\
\{\}&\textbackslash\textbackslash\textless\textgreater\textasciicircum\textasciitilde&&290.69&468.69&\\
-365.58&-98.58&168.42&435.42&702.42&\\
\end{tabular}
\end{table}
